Info: Starting: Create simulation model
Info: qsys-generate C:\cygwin64\home\shaynal\Hermes-Lite.master\rtl\clkmux_sdk.qsys --simulation=VERILOG --allow-mixed-language-simulation --output-directory=C:\cygwin64\home\shaynal\Hermes-Lite.master\rtl\clkmux_sdk\simulation --family="Cyclone IV E" --part=EP4CE22F17C7
Progress: Loading rtl/clkmux_sdk.qsys
Progress: Reading input file
Progress: Adding altclkctrl_0 [altclkctrl 16.0]
Progress: Parameterizing module altclkctrl_0
Progress: Building connections
Progress: Parameterizing connections
Progress: Validating
Progress: Done reading input file
: clkmux_sdk.altclkctrl_0: Targeting device family: Cyclone IV E.
: clkmux_sdk.altclkctrl_0: Global clock network allows a clock signal to reach all parts of the chip with the same amount of skew. Input port 'clkselect' can be used to switch between four clock inputs.
Info: clkmux_sdk: Generating clkmux_sdk "clkmux_sdk" for SIM_VERILOG
Info: altclkctrl_0: Generating top-level entity clkmux_sdk_altclkctrl_0.
Info: altclkctrl_0: "clkmux_sdk" instantiated altclkctrl "altclkctrl_0"
Info: clkmux_sdk: Done "clkmux_sdk" with 2 modules, 2 files
Info: qsys-generate succeeded.
Info: Finished: Create simulation model
Info: Starting: Create Modelsim Project.
Info: sim-script-gen --spd=C:\cygwin64\home\shaynal\Hermes-Lite.master\rtl\clkmux_sdk\clkmux_sdk.spd --output-directory=C:/cygwin64/home/shaynal/Hermes-Lite.master/rtl/clkmux_sdk/simulation/ --use-relative-paths=true
Info: Doing: ip-make-simscript --spd=C:\cygwin64\home\shaynal\Hermes-Lite.master\rtl\clkmux_sdk\clkmux_sdk.spd --output-directory=C:/cygwin64/home/shaynal/Hermes-Lite.master/rtl/clkmux_sdk/simulation/ --use-relative-paths=true
Info: Generating the following file(s) for MODELSIM simulator in C:/cygwin64/home/shaynal/Hermes-Lite.master/rtl/clkmux_sdk/simulation/ directory:
Info: 	mentor/msim_setup.tcl
Info: Generating the following file(s) for VCS simulator in C:/cygwin64/home/shaynal/Hermes-Lite.master/rtl/clkmux_sdk/simulation/ directory:
Info: 	synopsys/vcs/vcs_setup.sh
Info: Generating the following file(s) for VCSMX simulator in C:/cygwin64/home/shaynal/Hermes-Lite.master/rtl/clkmux_sdk/simulation/ directory:
Info: 	synopsys/vcsmx/synopsys_sim.setup
Info: 	synopsys/vcsmx/vcsmx_setup.sh
Info: Generating the following file(s) for NCSIM simulator in C:/cygwin64/home/shaynal/Hermes-Lite.master/rtl/clkmux_sdk/simulation/ directory:
Info: 	cadence/cds.lib
Info: 	cadence/hdl.var
Info: 	cadence/ncsim_setup.sh
Info: 	1 .cds.lib files in cadence/cds_libs/ directory
Info: Generating the following file(s) for RIVIERA simulator in C:/cygwin64/home/shaynal/Hermes-Lite.master/rtl/clkmux_sdk/simulation/ directory:
Info: 	aldec/rivierapro_setup.tcl
Info: For information on how to simulate your IP, see the explanatory comments in the simulator-specific subdirectories under C:/cygwin64/home/shaynal/Hermes-Lite.master/rtl/clkmux_sdk/simulation/.
Info: Finished: Create Modelsim Project.
Info: Starting: Create block symbol file (.bsf)
Info: qsys-generate C:\cygwin64\home\shaynal\Hermes-Lite.master\rtl\clkmux_sdk.qsys --block-symbol-file --output-directory=C:\cygwin64\home\shaynal\Hermes-Lite.master\rtl\clkmux_sdk --family="Cyclone IV E" --part=EP4CE22F17C7
Progress: Loading rtl/clkmux_sdk.qsys
Progress: Reading input file
Progress: Adding altclkctrl_0 [altclkctrl 16.0]
Progress: Parameterizing module altclkctrl_0
Progress: Building connections
Progress: Parameterizing connections
Progress: Validating
Progress: Done reading input file
: clkmux_sdk.altclkctrl_0: Targeting device family: Cyclone IV E.
: clkmux_sdk.altclkctrl_0: Global clock network allows a clock signal to reach all parts of the chip with the same amount of skew. Input port 'clkselect' can be used to switch between four clock inputs.
Info: qsys-generate succeeded.
Info: Finished: Create block symbol file (.bsf)
Info: 
Info: Starting: Create HDL design files for synthesis
Info: qsys-generate C:\cygwin64\home\shaynal\Hermes-Lite.master\rtl\clkmux_sdk.qsys --synthesis=VERILOG --output-directory=C:\cygwin64\home\shaynal\Hermes-Lite.master\rtl\clkmux_sdk\synthesis --family="Cyclone IV E" --part=EP4CE22F17C7
Progress: Loading rtl/clkmux_sdk.qsys
Progress: Reading input file
Progress: Adding altclkctrl_0 [altclkctrl 16.0]
Progress: Parameterizing module altclkctrl_0
Progress: Building connections
Progress: Parameterizing connections
Progress: Validating
Progress: Done reading input file
: clkmux_sdk.altclkctrl_0: Targeting device family: Cyclone IV E.
: clkmux_sdk.altclkctrl_0: Global clock network allows a clock signal to reach all parts of the chip with the same amount of skew. Input port 'clkselect' can be used to switch between four clock inputs.
Info: clkmux_sdk: Generating clkmux_sdk "clkmux_sdk" for QUARTUS_SYNTH
Info: altclkctrl_0: Generating top-level entity clkmux_sdk_altclkctrl_0.
Info: altclkctrl_0: "clkmux_sdk" instantiated altclkctrl "altclkctrl_0"
Info: clkmux_sdk: Done "clkmux_sdk" with 2 modules, 2 files
Info: qsys-generate succeeded.
Info: Finished: Create HDL design files for synthesis
