Info: Starting: Create simulation model
Info: qsys-generate C:\cygwin64\home\shaynal\Hermes-Lite.master\rtl\clkmux_cv.qsys --simulation=VERILOG --allow-mixed-language-simulation --output-directory=C:\cygwin64\home\shaynal\Hermes-Lite.master\rtl\clkmux_cv\simulation --family="Cyclone V" --part=5CEFA2F23I7
Progress: Loading rtl/clkmux_cv.qsys
Progress: Reading input file
Progress: Adding altclkctrl_0 [altclkctrl 16.0]
Progress: Parameterizing module altclkctrl_0
Progress: Building connections
Progress: Parameterizing connections
Progress: Validating
Progress: Done reading input file
: clkmux_cv.altclkctrl_0: Targeting device family: Cyclone V.
: clkmux_cv.altclkctrl_0: Global clock network allows a clock signal to reach all parts of the chip with the same amount of skew. Input port 'clkselect' can be used to switch between four clock inputs.
: clkmux_cv.altclkctrl_0: The register mode of port 'ena' is unavailable while 'ena' port not added. 
Info: clkmux_cv: Generating clkmux_cv "clkmux_cv" for SIM_VERILOG
Info: altclkctrl_0: Generating top-level entity clkmux_cv_altclkctrl_0.
Info: altclkctrl_0: "clkmux_cv" instantiated altclkctrl "altclkctrl_0"
Info: clkmux_cv: Done "clkmux_cv" with 2 modules, 2 files
Info: qsys-generate succeeded.
Info: Finished: Create simulation model
Info: Starting: Create Modelsim Project.
Info: sim-script-gen --spd=C:\cygwin64\home\shaynal\Hermes-Lite.master\rtl\clkmux_cv\clkmux_cv.spd --output-directory=C:/cygwin64/home/shaynal/Hermes-Lite.master/rtl/clkmux_cv/simulation/ --use-relative-paths=true
Info: Doing: ip-make-simscript --spd=C:\cygwin64\home\shaynal\Hermes-Lite.master\rtl\clkmux_cv\clkmux_cv.spd --output-directory=C:/cygwin64/home/shaynal/Hermes-Lite.master/rtl/clkmux_cv/simulation/ --use-relative-paths=true
Info: Generating the following file(s) for MODELSIM simulator in C:/cygwin64/home/shaynal/Hermes-Lite.master/rtl/clkmux_cv/simulation/ directory:
Info: 	mentor/msim_setup.tcl
Info: Generating the following file(s) for VCS simulator in C:/cygwin64/home/shaynal/Hermes-Lite.master/rtl/clkmux_cv/simulation/ directory:
Info: 	synopsys/vcs/vcs_setup.sh
Info: Generating the following file(s) for VCSMX simulator in C:/cygwin64/home/shaynal/Hermes-Lite.master/rtl/clkmux_cv/simulation/ directory:
Info: 	synopsys/vcsmx/synopsys_sim.setup
Info: 	synopsys/vcsmx/vcsmx_setup.sh
Info: Generating the following file(s) for NCSIM simulator in C:/cygwin64/home/shaynal/Hermes-Lite.master/rtl/clkmux_cv/simulation/ directory:
Info: 	cadence/cds.lib
Info: 	cadence/hdl.var
Info: 	cadence/ncsim_setup.sh
Info: 	1 .cds.lib files in cadence/cds_libs/ directory
Info: Generating the following file(s) for RIVIERA simulator in C:/cygwin64/home/shaynal/Hermes-Lite.master/rtl/clkmux_cv/simulation/ directory:
Info: 	aldec/rivierapro_setup.tcl
Info: For information on how to simulate your IP, see the explanatory comments in the simulator-specific subdirectories under C:/cygwin64/home/shaynal/Hermes-Lite.master/rtl/clkmux_cv/simulation/.
Info: Finished: Create Modelsim Project.
Info: Starting: Create block symbol file (.bsf)
Info: qsys-generate C:\cygwin64\home\shaynal\Hermes-Lite.master\rtl\clkmux_cv.qsys --block-symbol-file --output-directory=C:\cygwin64\home\shaynal\Hermes-Lite.master\rtl\clkmux_cv --family="Cyclone V" --part=5CEFA2F23I7
Progress: Loading rtl/clkmux_cv.qsys
Progress: Reading input file
Progress: Adding altclkctrl_0 [altclkctrl 16.0]
Progress: Parameterizing module altclkctrl_0
Progress: Building connections
Progress: Parameterizing connections
Progress: Validating
Progress: Done reading input file
: clkmux_cv.altclkctrl_0: Targeting device family: Cyclone V.
: clkmux_cv.altclkctrl_0: Global clock network allows a clock signal to reach all parts of the chip with the same amount of skew. Input port 'clkselect' can be used to switch between four clock inputs.
: clkmux_cv.altclkctrl_0: The register mode of port 'ena' is unavailable while 'ena' port not added. 
Info: qsys-generate succeeded.
Info: Finished: Create block symbol file (.bsf)
Info: 
Info: Starting: Create HDL design files for synthesis
Info: qsys-generate C:\cygwin64\home\shaynal\Hermes-Lite.master\rtl\clkmux_cv.qsys --synthesis=VERILOG --output-directory=C:\cygwin64\home\shaynal\Hermes-Lite.master\rtl\clkmux_cv\synthesis --family="Cyclone V" --part=5CEFA2F23I7
Progress: Loading rtl/clkmux_cv.qsys
Progress: Reading input file
Progress: Adding altclkctrl_0 [altclkctrl 16.0]
Progress: Parameterizing module altclkctrl_0
Progress: Building connections
Progress: Parameterizing connections
Progress: Validating
Progress: Done reading input file
: clkmux_cv.altclkctrl_0: Targeting device family: Cyclone V.
: clkmux_cv.altclkctrl_0: Global clock network allows a clock signal to reach all parts of the chip with the same amount of skew. Input port 'clkselect' can be used to switch between four clock inputs.
: clkmux_cv.altclkctrl_0: The register mode of port 'ena' is unavailable while 'ena' port not added. 
Info: clkmux_cv: Generating clkmux_cv "clkmux_cv" for QUARTUS_SYNTH
Info: altclkctrl_0: Generating top-level entity clkmux_cv_altclkctrl_0.
Info: altclkctrl_0: "clkmux_cv" instantiated altclkctrl "altclkctrl_0"
Info: clkmux_cv: Done "clkmux_cv" with 2 modules, 2 files
Info: qsys-generate succeeded.
Info: Finished: Create HDL design files for synthesis
